../Core/Src/main.c:134:6:HAL_GPIO_EXTI_Callback	16	static
../Core/Src/main.c:140:6:step	16	static
../Core/Src/main.c:148:6:set_forward_dir	8	static
../Core/Src/main.c:155:6:set_backward_dir	8	static
../Core/Src/main.c:162:6:set_left_dir	8	static
../Core/Src/main.c:169:6:set_right_dir	8	static
../Core/Src/main.c:176:6:set_ccw_dir	8	static
../Core/Src/main.c:183:6:set_cw_dir	8	static
../Core/Src/main.c:193:6:enable	8	static
../Core/Src/main.c:197:6:disable	8	static
../Core/Src/main.c:213:6:set_dir	16	static
../Core/Src/main.c:241:6:HAL_TIM_PeriodElapsedCallback	24	static
../Core/Src/main.c:357:6:move_async	16	static
../Core/Src/main.c:379:6:prepare_nospin	4	static
../Core/Src/main.c:386:6:prepare_full	4	static
../Core/Src/main.c:393:6:prepare_topspin	4	static
../Core/Src/main.c:400:6:prepare_underspin	4	static
../Core/Src/main.c:407:6:shut_down	4	static
../Core/Src/main.c:415:6:rotate_and_shoot	8	static
../Core/Src/main.c:463:6:shoot_async	8	static
../Core/Src/main.c:473:6:auto_move_func	56	static
../Core/Src/main.c:562:5:main	8	static
../Core/Src/main.c:656:6:SystemClock_Config	88	static
../Core/Src/main.c:703:13:MX_TIM2_Init	64	static
../Core/Src/main.c:766:13:MX_TIM3_Init	64	static
../Core/Src/main.c:837:13:MX_TIM4_Init	64	static
../Core/Src/main.c:896:13:MX_TIM5_Init	32	static
../Core/Src/main.c:941:13:MX_TIM9_Init	24	static
../Core/Src/main.c:979:13:MX_TIM10_Init	8	static
../Core/Src/main.c:1010:13:MX_TIM11_Init	8	static
../Core/Src/main.c:1041:13:MX_USART1_UART_Init	8	static
../Core/Src/main.c:1074:13:MX_USART2_UART_Init	8	static
../Core/Src/main.c:1107:13:MX_USART6_UART_Init	8	static
../Core/Src/main.c:1140:13:MX_GPIO_Init	48	static
../Core/Src/main.c:1193:1:__io_putchar	16	static
../Core/Src/main.c:1206:6:HAL_UART_RxCpltCallback	24	static
../Core/Src/main.c:1367:6:detect_object_location	40	static
../Core/Src/main.c:1409:6:capture_and_update	32	static
../Core/Src/main.c:1483:6:Error_Handler	4	static,ignoring_inline_asm
